[
    {
      "event_epoch": {
        "day": 29,
        "epochtime_field": "eventtime",
        "hour": 9,
        "minute": 30,
        "month": 3,
        "seconds": 1,
        "timezone": "utc",
        "weekday": "tuesday",
        "year": 2022
      },
      "eventtime": "2022-03-29T09:30:01.000Z"
    },
    {
      "detectedtime": "2022-03-29T05:26:31.000Z",
      "event_epoch": {
        "day": 29,
        "epochtime_field": "detectedtime",
        "hour": 5,
        "minute": 26,
        "month": 3,
        "seconds": 31,
        "timezone": "utc",
        "weekday": "tuesday",
        "year": 2022
      }
    },
    {
      "event_epoch": {
        "day": 27,
        "epochtime_field": "meta_ts",
        "hour": 4,
        "minute": 26,
        "month": 3,
        "seconds": 31,
        "timezone": "utc",
        "weekday": "friday",
        "year": 2020
      },
      "meta_ts": "2020-03-27T04:26:31.000Z"
    },
    {
      "detectedtime": "2022-03-29T05:26:31.000Z",
      "event_epoch": {
        "day": 29,
        "epochtime_field": "eventtime",
        "hour": 9,
        "minute": 30,
        "month": 3,
        "seconds": 1,
        "timezone": "utc",
        "weekday": "tuesday",
        "year": 2022
      },
      "eventtime": "2022-03-29T09:30:01.000Z",
      "meta_ts": "2020-03-27T04:26:31.000Z"
    },
    {"eventtimeutc": "2022/03/08 04:28:31 GMT"}
  ]